############################################
#__________________________________________#
#__p_______________________________________#
#____________________________e_____________#
#__________________________________________#
#_____________c____________________________#
#__________________________________________#
#__________________________________________#
#___________________e______________________#
#__________________________________##d######
#__________________________________#_______#
#__________________________________#_______#
#____________e_____________________#_______#
#__________________________________#_______#
#__________________________________#_______#
#__________________________________________#
#__________________________________________#
#__________________________________________#
#__________________________________________#
#____________________________e_____________#
#__________________________________________#
#_____________c____________________________#
#__________________________________________#
#__________________________________________#
#___________________e______________________#
#__________________________________##d######
#__________________________________#_______#
#__________________________________#_______#
#____________e_____________________#_______#
#__________________________________#_______#
#__________________________________#_______#
############################################